This is pdfTeX, Version 3.14159265-2.6-1.40.18 (TeX Live 2017/Debian) (preloaded format=pdflatex 2018.4.23)  3 MAY 2018 20:54
entering extended mode
 restricted \write18 enabled.
 file:line:error style messages enabled.
 %&-line parsing enabled.
**/home/luo3300612/vscode/latex/deeplearning/test.tex
(/home/luo3300612/vscode/latex/deeplearning/test.tex
LaTeX2e <2017-04-15>
Babel <3.12> and hyphenation patterns for 84 language(s) loaded.
(/usr/share/texlive/texmf-dist/tex/latex/base/article.cls
Document Class: article 2014/09/29 v1.4h Standard LaTeX document class
(/usr/share/texlive/texmf-dist/tex/latex/base/size10.clo
File: size10.clo 2014/09/29 v1.4h Standard LaTeX file (size option)
)
\c@part=\count79
\c@section=\count80
\c@subsection=\count81
\c@subsubsection=\count82
\c@paragraph=\count83
\c@subparagraph=\count84
\c@figure=\count85
\c@table=\count86
\abovecaptionskip=\skip41
\belowcaptionskip=\skip42
\bibindent=\dimen102
)
(/usr/share/texlive/texmf-dist/tex/latex/geometry/geometry.sty
Package: geometry 2010/09/12 v5.6 Page Geometry

(/usr/share/texlive/texmf-dist/tex/latex/graphics/keyval.sty
Package: keyval 2014/10/28 v1.15 key=value parser (DPC)
\KV@toks@=\toks14
)
(/usr/share/texlive/texmf-dist/tex/generic/oberdiek/ifpdf.sty
Package: ifpdf 2017/03/15 v3.2 Provides the ifpdf switch
)
(/usr/share/texlive/texmf-dist/tex/generic/oberdiek/ifvtex.sty
Package: ifvtex 2016/05/16 v1.6 Detect VTeX and its facilities (HO)
Package ifvtex Info: VTeX not detected.
)
(/usr/share/texlive/texmf-dist/tex/generic/ifxetex/ifxetex.sty
Package: ifxetex 2010/09/12 v0.6 Provides ifxetex conditional
)
\Gm@cnth=\count87
\Gm@cntv=\count88
\c@Gm@tempcnt=\count89
\Gm@bindingoffset=\dimen103
\Gm@wd@mp=\dimen104
\Gm@odd@mp=\dimen105
\Gm@even@mp=\dimen106
\Gm@layoutwidth=\dimen107
\Gm@layoutheight=\dimen108
\Gm@layouthoffset=\dimen109
\Gm@layoutvoffset=\dimen110
\Gm@dimlist=\toks15
)
(/usr/share/texlive/texmf-dist/tex/latex/amsmath/amsmath.sty
Package: amsmath 2016/11/05 v2.16a AMS math features
\@mathmargin=\skip43

For additional information on amsmath, use the `?' option.
(/usr/share/texlive/texmf-dist/tex/latex/amsmath/amstext.sty
Package: amstext 2000/06/29 v2.01 AMS text

(/usr/share/texlive/texmf-dist/tex/latex/amsmath/amsgen.sty
File: amsgen.sty 1999/11/30 v2.0 generic functions
\@emptytoks=\toks16
\ex@=\dimen111
))
(/usr/share/texlive/texmf-dist/tex/latex/amsmath/amsbsy.sty
Package: amsbsy 1999/11/29 v1.2d Bold Symbols
\pmbraise@=\dimen112
)
(/usr/share/texlive/texmf-dist/tex/latex/amsmath/amsopn.sty
Package: amsopn 2016/03/08 v2.02 operator names
)
\inf@bad=\count90
LaTeX Info: Redefining \frac on input line 213.
\uproot@=\count91
\leftroot@=\count92
LaTeX Info: Redefining \overline on input line 375.
\classnum@=\count93
\DOTSCASE@=\count94
LaTeX Info: Redefining \ldots on input line 472.
LaTeX Info: Redefining \dots on input line 475.
LaTeX Info: Redefining \cdots on input line 596.
\Mathstrutbox@=\box26
\strutbox@=\box27
\big@size=\dimen113
LaTeX Font Info:    Redeclaring font encoding OML on input line 712.
LaTeX Font Info:    Redeclaring font encoding OMS on input line 713.
\macc@depth=\count95
\c@MaxMatrixCols=\count96
\dotsspace@=\muskip10
\c@parentequation=\count97
\dspbrk@lvl=\count98
\tag@help=\toks17
\row@=\count99
\column@=\count100
\maxfields@=\count101
\andhelp@=\toks18
\eqnshift@=\dimen114
\alignsep@=\dimen115
\tagshift@=\dimen116
\tagwidth@=\dimen117
\totwidth@=\dimen118
\lineht@=\dimen119
\@envbody=\toks19
\multlinegap=\skip44
\multlinetaggap=\skip45
\mathdisplay@stack=\toks20
LaTeX Info: Redefining \[ on input line 2817.
LaTeX Info: Redefining \] on input line 2818.
)
(/usr/share/texlive/texmf-dist/tex/latex/tools/bm.sty
Package: bm 2017/01/16 v1.2c Bold Symbol Support (DPC/FMi)
\symboldoperators=\mathgroup4
\symboldletters=\mathgroup5
\symboldsymbols=\mathgroup6
LaTeX Font Info:    Redeclaring math alphabet \mathbf on input line 141.
LaTeX Info: Redefining \bm on input line 207.
)
(/usr/share/texlive/texmf-dist/tex/latex/tools/indentfirst.sty
Package: indentfirst 1995/11/23 v1.03 Indent first paragraph (DPC)
)
(/usr/share/texlive/texmf-dist/tex/latex/setspace/setspace.sty
Package: setspace 2011/12/19 v6.7a set line spacing
)
(/usr/share/texmf/tex/latex/CJK/CJK.sty
Package: CJK 2015/04/18 4.8.4

(/usr/share/texmf/tex/latex/CJK/mule/MULEenc.sty
Package: MULEenc 2015/04/18 4.8.4
)
(/usr/share/texmf/tex/latex/CJK/CJK.enc
File: CJK.enc 2015/04/18 4.8.4
)
LaTeX Info: Redefining \selectfont on input line 755.
\CJK@indent=\box28
)
(/usr/share/texlive/texmf-dist/tex/latex/booktabs/booktabs.sty
Package: booktabs 2016/04/27 v1.618033 publication quality tables
\heavyrulewidth=\dimen120
\lightrulewidth=\dimen121
\cmidrulewidth=\dimen122
\belowrulesep=\dimen123
\belowbottomsep=\dimen124
\aboverulesep=\dimen125
\abovetopsep=\dimen126
\cmidrulesep=\dimen127
\cmidrulekern=\dimen128
\defaultaddspace=\dimen129
\@cmidla=\count102
\@cmidlb=\count103
\@aboverulesep=\dimen130
\@belowrulesep=\dimen131
\@thisruleclass=\count104
\@lastruleclass=\count105
\@thisrulewidth=\dimen132
)
(/usr/share/texlive/texmf-dist/tex/latex/graphics/graphicx.sty
Package: graphicx 2017/06/01 v1.1a Enhanced LaTeX Graphics (DPC,SPQR)

(/usr/share/texlive/texmf-dist/tex/latex/graphics/graphics.sty
Package: graphics 2017/06/25 v1.2c Standard LaTeX Graphics (DPC,SPQR)

(/usr/share/texlive/texmf-dist/tex/latex/graphics/trig.sty
Package: trig 2016/01/03 v1.10 sin cos tan (DPC)
)
(/usr/share/texlive/texmf-dist/tex/latex/graphics-cfg/graphics.cfg
File: graphics.cfg 2016/06/04 v1.11 sample graphics configuration
)
Package graphics Info: Driver file: pdftex.def on input line 99.

(/usr/share/texlive/texmf-dist/tex/latex/graphics-def/pdftex.def
File: pdftex.def 2017/06/24 v1.0g Graphics/color driver for pdftex
))
\Gin@req@height=\dimen133
\Gin@req@width=\dimen134
)
(/usr/share/texlive/texmf-dist/tex/latex/amsfonts/amsfonts.sty
Package: amsfonts 2013/01/14 v3.01 Basic AMSFonts support
\symAMSa=\mathgroup7
\symAMSb=\mathgroup8
LaTeX Font Info:    Overwriting math alphabet `\mathfrak' in version `bold'
(Font)                  U/euf/m/n --> U/euf/b/n on input line 106.
)
(/usr/share/texlive/texmf-dist/tex/latex/jknapltx/mathrsfs.sty
Package: mathrsfs 1996/01/01 Math RSFS package v1.0 (jk)
\symrsfs=\mathgroup9
)
(/usr/share/texmf/tex/latex/CJK/UTF8/UTF8.bdg
File: UTF8.bdg 2015/04/18 4.8.4
)
(/usr/share/texmf/tex/latex/CJK/UTF8/UTF8.enc
File: UTF8.enc 2015/04/18 4.8.4
)
(/usr/share/texmf/tex/latex/CJK/UTF8/UTF8.chr
File: UTF8.chr 2015/04/18 4.8.4
) (./test.aux)
\openout1 = `test.aux'.

LaTeX Font Info:    Checking defaults for OML/cmm/m/it on input line 18.
LaTeX Font Info:    ... okay on input line 18.
LaTeX Font Info:    Checking defaults for T1/cmr/m/n on input line 18.
LaTeX Font Info:    ... okay on input line 18.
LaTeX Font Info:    Checking defaults for OT1/cmr/m/n on input line 18.
LaTeX Font Info:    ... okay on input line 18.
LaTeX Font Info:    Checking defaults for OMS/cmsy/m/n on input line 18.
LaTeX Font Info:    ... okay on input line 18.
LaTeX Font Info:    Checking defaults for OMX/cmex/m/n on input line 18.
LaTeX Font Info:    ... okay on input line 18.
LaTeX Font Info:    Checking defaults for U/cmr/m/n on input line 18.
LaTeX Font Info:    ... okay on input line 18.
LaTeX Font Info:    Checking defaults for C00/song/m/n on input line 18.
LaTeX Font Info:    ... okay on input line 18.
LaTeX Font Info:    Checking defaults for C05/song/m/n on input line 18.
LaTeX Font Info:    ... okay on input line 18.
LaTeX Font Info:    Checking defaults for C09/song/m/n on input line 18.
LaTeX Font Info:    ... okay on input line 18.
LaTeX Font Info:    Checking defaults for C10/song/m/n on input line 18.
LaTeX Font Info:    ... okay on input line 18.
LaTeX Font Info:    Checking defaults for C20/song/m/n on input line 18.
LaTeX Font Info:    ... okay on input line 18.
LaTeX Font Info:    Checking defaults for C19/song/m/n on input line 18.
LaTeX Font Info:    ... okay on input line 18.
LaTeX Font Info:    Checking defaults for C40/song/m/n on input line 18.
LaTeX Font Info:    ... okay on input line 18.
LaTeX Font Info:    Checking defaults for C42/song/m/n on input line 18.
LaTeX Font Info:    ... okay on input line 18.
LaTeX Font Info:    Checking defaults for C43/song/m/n on input line 18.
LaTeX Font Info:    ... okay on input line 18.
LaTeX Font Info:    Checking defaults for C50/song/m/n on input line 18.
LaTeX Font Info:    ... okay on input line 18.
LaTeX Font Info:    Checking defaults for C52/song/m/n on input line 18.
LaTeX Font Info:    ... okay on input line 18.
LaTeX Font Info:    Checking defaults for C49/song/m/n on input line 18.
LaTeX Font Info:    ... okay on input line 18.
LaTeX Font Info:    Checking defaults for C60/mj/m/n on input line 18.
LaTeX Font Info:    ... okay on input line 18.
LaTeX Font Info:    Checking defaults for C61/mj/m/n on input line 18.
LaTeX Font Info:    ... okay on input line 18.
LaTeX Font Info:    Checking defaults for C63/mj/m/n on input line 18.
LaTeX Font Info:    ... okay on input line 18.
LaTeX Font Info:    Checking defaults for C64/mj/m/n on input line 18.
LaTeX Font Info:    ... okay on input line 18.
LaTeX Font Info:    Checking defaults for C65/mj/m/n on input line 18.
LaTeX Font Info:    ... okay on input line 18.
LaTeX Font Info:    Checking defaults for C70/song/m/n on input line 18.
LaTeX Font Info:    ... okay on input line 18.
LaTeX Font Info:    Checking defaults for C31/song/m/n on input line 18.
LaTeX Font Info:    ... okay on input line 18.
LaTeX Font Info:    Checking defaults for C32/song/m/n on input line 18.
LaTeX Font Info:    ... okay on input line 18.
LaTeX Font Info:    Checking defaults for C33/song/m/n on input line 18.
LaTeX Font Info:    ... okay on input line 18.
LaTeX Font Info:    Checking defaults for C34/song/m/n on input line 18.
LaTeX Font Info:    ... okay on input line 18.
LaTeX Font Info:    Checking defaults for C35/song/m/n on input line 18.
LaTeX Font Info:    ... okay on input line 18.
LaTeX Font Info:    Checking defaults for C36/song/m/n on input line 18.
LaTeX Font Info:    ... okay on input line 18.
LaTeX Font Info:    Checking defaults for C37/song/m/n on input line 18.
LaTeX Font Info:    ... okay on input line 18.
LaTeX Font Info:    Checking defaults for C80/song/m/n on input line 18.
LaTeX Font Info:    ... okay on input line 18.
LaTeX Font Info:    Checking defaults for C81/song/m/n on input line 18.
LaTeX Font Info:    ... okay on input line 18.
LaTeX Font Info:    Checking defaults for C01/song/m/n on input line 18.
LaTeX Font Info:    ... okay on input line 18.
LaTeX Font Info:    Checking defaults for C11/song/m/n on input line 18.
LaTeX Font Info:    ... okay on input line 18.
LaTeX Font Info:    Checking defaults for C21/song/m/n on input line 18.
LaTeX Font Info:    ... okay on input line 18.
LaTeX Font Info:    Checking defaults for C41/song/m/n on input line 18.
LaTeX Font Info:    ... okay on input line 18.
LaTeX Font Info:    Checking defaults for C62/song/m/n on input line 18.
LaTeX Font Info:    ... okay on input line 18.

*geometry* driver: auto-detecting
*geometry* detected driver: pdftex
*geometry* verbose mode - [ preamble ] result:
* driver: pdftex
* paper: a4paper
* layout: <same size as paper>
* layoutoffset:(h,v)=(0.0pt,0.0pt)
* modes: 
* h-part:(L,W,R)=(56.9055pt, 483.69687pt, 56.9055pt)
* v-part:(T,H,B)=(71.13188pt, 702.78308pt, 71.13188pt)
* \paperwidth=597.50787pt
* \paperheight=845.04684pt
* \textwidth=483.69687pt
* \textheight=702.78308pt
* \oddsidemargin=-15.36449pt
* \evensidemargin=-15.36449pt
* \topmargin=-38.1381pt
* \headheight=12.0pt
* \headsep=25.0pt
* \topskip=10.0pt
* \footskip=30.0pt
* \marginparwidth=57.0pt
* \marginparsep=11.0pt
* \columnsep=10.0pt
* \skip\footins=9.0pt plus 4.0pt minus 2.0pt
* \hoffset=0.0pt
* \voffset=0.0pt
* \mag=1000
* \@twocolumnfalse
* \@twosidefalse
* \@mparswitchfalse
* \@reversemarginfalse
* (1in=72.27pt=25.4mm, 1cm=28.453pt)

(/usr/share/texlive/texmf-dist/tex/context/base/mkii/supp-pdf.mkii
[Loading MPS to PDF converter (version 2006.09.02).]
\scratchcounter=\count106
\scratchdimen=\dimen135
\scratchbox=\box29
\nofMPsegments=\count107
\nofMParguments=\count108
\everyMPshowfont=\toks21
\MPscratchCnt=\count109
\MPscratchDim=\dimen136
\MPnumerator=\count110
\makeMPintoPDFobject=\count111
\everyMPtoPDFconversion=\toks22
) (/usr/share/texlive/texmf-dist/tex/latex/oberdiek/epstopdf-base.sty
Package: epstopdf-base 2016/05/15 v2.6 Base part for package epstopdf

(/usr/share/texlive/texmf-dist/tex/generic/oberdiek/infwarerr.sty
Package: infwarerr 2016/05/16 v1.4 Providing info/warning/error messages (HO)
)
(/usr/share/texlive/texmf-dist/tex/latex/oberdiek/grfext.sty
Package: grfext 2016/05/16 v1.2 Manage graphics extensions (HO)

(/usr/share/texlive/texmf-dist/tex/generic/oberdiek/kvdefinekeys.sty
Package: kvdefinekeys 2016/05/16 v1.4 Define keys (HO)

(/usr/share/texlive/texmf-dist/tex/generic/oberdiek/ltxcmds.sty
Package: ltxcmds 2016/05/16 v1.23 LaTeX kernel commands for general use (HO)
)))
(/usr/share/texlive/texmf-dist/tex/latex/oberdiek/kvoptions.sty
Package: kvoptions 2016/05/16 v3.12 Key value format for package options (HO)

(/usr/share/texlive/texmf-dist/tex/generic/oberdiek/kvsetkeys.sty
Package: kvsetkeys 2016/05/16 v1.17 Key value parser (HO)

(/usr/share/texlive/texmf-dist/tex/generic/oberdiek/etexcmds.sty
Package: etexcmds 2016/05/16 v1.6 Avoid name clashes with e-TeX commands (HO)

(/usr/share/texlive/texmf-dist/tex/generic/oberdiek/ifluatex.sty
Package: ifluatex 2016/05/16 v1.4 Provides the ifluatex switch (HO)
Package ifluatex Info: LuaTeX not detected.
)
Package etexcmds Info: Could not find \expanded.
(etexcmds)             That can mean that you are not using pdfTeX 1.50 or
(etexcmds)             that some package has redefined \expanded.
(etexcmds)             In the latter case, load this package earlier.
)))
(/usr/share/texlive/texmf-dist/tex/generic/oberdiek/pdftexcmds.sty
Package: pdftexcmds 2017/03/19 v0.25 Utility functions of pdfTeX for LuaTeX (HO
)
Package pdftexcmds Info: LuaTeX not detected.
Package pdftexcmds Info: \pdf@primitive is available.
Package pdftexcmds Info: \pdf@ifprimitive is available.
Package pdftexcmds Info: \pdfdraftmode found.
)
Package epstopdf-base Info: Redefining graphics rule for `.eps' on input line 4
38.
Package grfext Info: Graphics extension search list:
(grfext)             [.pdf,.png,.jpg,.mps,.jpeg,.jbig2,.jb2,.PDF,.PNG,.JPG,.JPE
G,.JBIG2,.JB2,.eps]
(grfext)             \AppendGraphicsExtensions on input line 456.

(/usr/share/texlive/texmf-dist/tex/latex/latexconfig/epstopdf-sys.cfg
File: epstopdf-sys.cfg 2010/07/13 v1.3 Configuration of (r)epstopdf for TeX Liv
e
))
LaTeX Font Info:    Try loading font information for C70+gbsn on input line 19.


(/usr/share/texmf/tex/latex/CJK/UTF8/c70gbsn.fd
File: c70gbsn.fd 2008/10/03 4.8.1
)
(/usr/share/texmf/tex/latex/CJK/UTF8/c70gbsn.fdx
File: c70gbsn.fdx 2012/05/07 4.8.3
)
LaTeX Font Info:    Try loading font information for U+msa on input line 19.

(/usr/share/texlive/texmf-dist/tex/latex/amsfonts/umsa.fd
File: umsa.fd 2013/01/14 v3.01 AMS symbols A
)
LaTeX Font Info:    Try loading font information for U+msb on input line 19.

(/usr/share/texlive/texmf-dist/tex/latex/amsfonts/umsb.fd
File: umsb.fd 2013/01/14 v3.01 AMS symbols B
)
LaTeX Font Info:    Try loading font information for U+rsfs on input line 19.

(/usr/share/texlive/texmf-dist/tex/latex/jknapltx/ursfs.fd
File: ursfs.fd 1998/03/24 rsfs font definition file (jk)
)

LaTeX Warning: No \author given.

LaTeX Font Info:    Try loading font information for OMS+cmr on input line 29.
(/usr/share/texlive/texmf-dist/tex/latex/base/omscmr.fd
File: omscmr.fd 2014/09/29 v2.5h Standard LaTeX font definitions
)
LaTeX Font Info:    Font shape `OMS/cmr/m/n' in size <10> not available
(Font)              Font shape `OMS/cmsy/m/n' tried instead on input line 29.

Underfull \hbox (badness 10000) in paragraph at lines 20--30

 []


Underfull \hbox (badness 10000) in paragraph at lines 20--30

 []


Underfull \hbox (badness 10000) in paragraph at lines 20--30

 []


Underfull \hbox (badness 10000) in paragraph at lines 20--30

 []


Underfull \hbox (badness 10000) in paragraph at lines 20--30

 []


Underfull \hbox (badness 10000) in paragraph at lines 20--30

 []


Underfull \hbox (badness 10000) in paragraph at lines 20in paragraph at lines 20--30

 []


Underfull \hbox (badness 10000) in paragraph at lines 20--30

 []


Underfull \hbox (badness 10000) in paragraph at lines 20--30

 []


Overfull \hbox (3.56728pt too wide) in paragraph at lines 39--40
[]\C70/gbsn/m/n/10/4e : † \C70/gbsn/m/n/10/52 ^^[ \C70/gbsn/m/n/10/90   \C70/gb
sn/m/n/10/4e ^^@ * \C70/gbsn/m/n/10/53 ï \C70/gbsn/m/n/10/4e å \C70/gbsn/m/n/10
/6a ! \C70/gbsn/m/n/10/62 ß \C70/gbsn/m/n/10/4e º \C70/gbsn/m/n/10/81 ^^Q \C70/
gbsn/m/n/10/76 „ \C70/gbsn/m/n/10/7c û \C70/gbsn/m/n/10/7e ß \C70/gbsn/m/n/10/f
f ^^L \C70/gbsn/m/n/10/4e º ì \C70/gbsn/m/n/10/70 ¹ \C70/gbsn/m/n/10/71 Ã \C70/
gbsn/m/n/10/4e † \C70/gbsn/m/n/10/79 ^ \C70/gbsn/m/n/10/7e Ï \C70/gbsn/m/n/10/7
f Q \C70/gbsn/m/n/10/7e Ü \C70/gbsn/m/n/10/53 Ñ \C70/gbsn/m/n/10/5c U \C70/gbsn
/m/n/10/76 „ \C70/gbsn/m/n/10/66 ^^_ ^^_ \C70/gbsn/m/n/10/4e K \C70/gbsn/m/n/10
/70 k \C70/gbsn/m/n/10/30 ^^B\OT1/cmr/m/n/10 1943\C70/gbsn/m/n/10/5e t \C70/gbs
n/m/n/10/ff ^^L\OT1/cmr/m/n/10 McCulloch\C70/gbsn/m/n/10/54 Œ\OT1/cmr/m/n/10 Pi
tts$[]$\C70/gbsn/m/n/10/5c ^^]
 []

[1

{/var/lib/texmf/fonts/map/pdftex/updmap/pdftex.map}]
<fig1.png, id=80, 796.9775pt x 263.98625pt>
File: fig1.png Graphic file (type png)
<use fig1.png>
Package pdftex.def Info: fig1.png  used on input line 77. on input line 77.
Package pdftex.def Info: Requested size: 478.19019pt x 158.39296pt on input lin
e 77.
 [2]
Overfull \hbox (15.66457pt too wide) in paragraph at lines 88--89
[]\OT1/cmr/m/n/10 CNNs\C70/gbsn/m/n/10/76 „ \C70/gbsn/m/n/10/7e Ó \C70/gbsn/m/n
/10/67 „ \C70/gbsn/m/n/10/91 Ç \C70/gbsn/m/n/10/75 ( \C70/gbsn/m/n/10/4e † 	 * 
\C70/gbsn/m/n/10/51 w \C70/gbsn/m/n/10/4f S \C70/gbsn/m/n/10/76 „ \C70/gbsn/m/n
/10/60 ^^] ó \C70/gbsn/m/n/10/ff ^^Z\OT1/cmr/m/n/10 (a)\C70/gbsn/m/n/10/5c @ \C
70/gbsn/m/n/10/90 è \C70/gbsn/m/n/10/61 ^^_ \C70/gbsn/m/n/10/53 × \C70/gbsn/m/n
/10/91 Î \C70/gbsn/m/n/10/ff ^^H\OT1/cmr/m/n/10 local re-cep-tive fields\C70/gb
sn/m/n/10/ff 	 ^^L\OT1/cmr/m/n/10 (b)\C70/gbsn/m/n/10/51 q \C70/gbsn/m/n/10/4e 
« \C70/gbsn/m/n/10/67 C \C70/gbsn/m/n/10/50 < \C70/gbsn/m/n/10/ff ^^H\OT1/cmr/m
/n/10 tied weights\C70/gbsn/m/n/10/ff 	 ^^L
 []


Underfull \hbox (badness 10000) in paragraph at lines 90--91

 []

<fig2.png, id=89, 844.15375pt x 375.4025pt>
File: fig2.png Graphic file (type png)
<use fig2.png>
Package pdftex.def Info: fig2.png  used on input line 122. on input line 122.
Package pdftex.def Info: Requested size: 506.49615pt x 225.24323pt on input lin
e 122.

Overfull \hbox (22.79929pt too wide) in paragraph at lines 122--123
 [][] 
 []

[3 <./fig1.png>] [4 <./fig2.png>] [5]
<fig3.png, id=113, 407.5225pt x 171.64125pt>
File: fig3.png Graphic file (type png)
<use fig3.png>
Package pdftex.def Info: fig3.png  used on input line 202. on input line 202.
Package pdftex.def Info: Requested size: 244.51538pt x 102.98552pt on input lin
e 202.
 [6 <./fig3.png>]
<fig4.png, id=118, 846.16125pt x 544.0325pt>
File: fig4.png Graphic file (type png)
<use fig4.png>
Package pdftex.def Info: fig4.png  used on input line 242. on input line 242.
Package pdftex.def Info: Requested size: 507.70067pt x 326.42201pt on input lin
e 242.

Overfull \hbox (24.0038pt too wide) in paragraph at lines 242--243
 [][] 
 []

[7] [8 <./fig4.png>]
Overfull \hbox (18.92871pt too wide) in paragraph at lines 264--277
\OT1/cmr/m/n/10 Caltech RGB\C70/gbsn/bx/n/10/56 þ \C70/gbsn/bx/n/10/96 Æ\OT1/cm
r/m/n/10 [102]\C70/gbsn/m/n/10/ff ^^L \C70/gbsn/bx/n/10/4f ‹ \C70/gbsn/bx/n/10/
59 ‚\OT1/cmr/m/n/10 Caltech 101/Cal-tech 256\C70/gbsn/m/n/10/54 Œ\OT1/cmr/m/n/1
0 Caltech Sil-hou-ettes\C70/gbsn/m/n/10/ff ^^L \C70/gbsn/m/n/10/53 ^^E \C70/gbs
n/m/n/10/62 ì \C70/gbsn/m/n/10/4e ^^M \C70/gbsn/m/n/10/54 ^^L \C70/gbsn/m/n/10/
76 „\OT1/cmr/m/n/10 101/256\C70/gbsn/m/n/10/7c { \C70/gbsn/m/n/10/72 i \C70/gbs
n/bx/n/10/4f S \C70/gbsn/m/n/10/30 ^^B\OT1/cmr/m/n/10 CIFAR\C70/gbsn/m/n/10/65 
p
 []


Overfull \hbox (0.60898pt too wide) in paragraph at lines 264--277
\OT1/cmr/m/n/10 WR\C70/gbsn/m/n/10/65 p \C70/gbsn/m/n/10/63 n \C70/gbsn/bx/n/10
/96 Æ\OT1/cmr/m/n/10 [111,112]\C70/gbsn/m/n/10/53 ï \C70/gbsn/m/n/10/4e å \C70/
gbsn/m/n/10/88 « \C70/gbsn/m/n/10/75 ( \C70/gbsn/bx/n/10/67 e \C70/gbsn/bx/n/10
/4f \ \C70/gbsn/m/n/10/4e : \C70/gbsn/bx/n/10/6d A \C70/gbsn/m/n/10/6c 4 \C70/g
bsn/bx/n/10/7e ¿ \C70/gbsn/m/n/10/4e 
 \C70/gbsn/m/n/10/76 „ \C70/gbsn/m/n/10/57 ú \C70/gbsn/m/n/10/4e Ž \C70/gbsn/m/
n/10/89 Æ \C70/gbsn/m/n/10/98 ‘ \C70/gbsn/m/n/10/76 „ \C70/gbsn/m/n/10/88 L \C7
0/gbsn/m/n/10/4e : \C70/gbsn/m/n/10/8b Æ \C70/gbsn/bx/n/10/52 +\OT1/cmr/m/n/10 
[113]\C70/gbsn/m/n/10/ff ^^L \C70/gbsn/m/n/10/53 ^^E \C70/gbsn/m/n/10/62 ì\OT1/
cmr/m/n/10 7\C70/gbsn/m/n/10/79 Í \C70/gbsn/m/n/10/8f Þ \C70/gbsn/bx/n/10/7e í 
\C70/gbsn/m/n/10/76 „ \C70/gbsn/m/n/10/5d å \C70/gbsn/m/n/10/4e ^^Z \C70/gbsn/b
x/n/10/4f \ \C70/gbsn/m/n/10/4e ^^Z \C70/gbsn/m/n/10/30 ^^B\OT1/cmr/m/n/10 YouT
ube-
 []


Underfull \hbox (badness 10000) in paragraph at lines 264--277

 []

Missing character: There is no ^^S in font gbsnu20!
[9]
Missing character: There is no ^^S in font gbsnu20!
Missing character: There is no ^^S in font gbsnu20!

Overfull \hbox (16.88643pt too wide) in paragraph at lines 307--309
\OT1/cmr/m/n/10 Learn-ing and Un-su-per-vised Fea-ture Learn-ing NIPS 2012 Work
-shop, 2012, http://deeplearning.net/sofware/theano/. 
 []

Missing character: There is no ^^S in font gbsnu20!
Missing character: There is no ^^S in font gbsnu20!
Missing character: There is no ^^S in font gbsnu20!
Missing character: There is no ^^S in font gbsnu20!
Missing character: There is no ^^S in font gbsnu20!
Missing character: There is no ^^S in font gbsnu20!
Missing character: There is no ^^S in font gbsnu20!
Missing character: There is no ^^S in font gbsnu20!
Missing character: There is no ^^S in font gbsnu20!
Missing character: There is no ^^S in font gbsnu20!
Missing character: There is no ^^S in font gbsnu20!
Missing character: There is no ^^S in font gbsnu20!
Missing character: There is no ^^S in font gbsnu20!
Missing character: There is no ^^S in font gbsnu20!
Missing character: There is no ^^S in font gbsnu20!
Missing character: There is no ^^S in font gbsnu20!
[10]
Missing character: There is no ^^S in font gbsnu20!
Missing character: There is no ^^S in font gbsnu20!
Missing character: There is no ^^S in font gbsnu20!
Missing character: There is no ^^S in font gbsnu20!
Missing character: There is no ^^S in font gbsnu20!
Missing character: There is no ^^S in font gbsnu20!
Missing character: There is no ^^S in font gbsnu20!
Missing character: There is no ^^S in font gbsnu20!
Missing character: There is no ^^S in font gbsnu20!
Missing character: There is no ^^S in font gbsnu20!
Missing character: There is no ^^S in font gbsnu20!
Missing character: There is no ^^S in font gbsnu20!
Missing character: There is no ^^S in font gbsnu20!
Missing character: There is no ^^S in font gbsnu20!
Missing character: There is no ^^S in font gbsnu20!
Missing character: There is no ^^S in font gbsnu20!
Missing character: There is no ^^S in font gbsnu20!
Missing character: There is no ^^S in font gbsnu20!
Missing character: There is no ^^S in font gbsnu20!
Missing character: There is no ^^S in font gbsnu20!
 [11]
Missing character: There is no ^^S in font gbsnu20!
Missing character: There is no ^^S in font gbsnu20!
Missing character: There is no ^^S in font gbsnu20!
Missing character: There is no ^^S in font gbsnu20!
Missing character: There is no ^^S in font gbsnu20!
Missing character: There is no ^^S in font gbsnu20!
Missing character: There is no ^^S in font gbsnu20!
Missing character: There is no ^^S in font gbsnu20!
Missing character: There is no ^^S in font gbsnu20!
Missing character: There is no ^^S in font gbsnu20!
Missing character: There is no ^^S in font gbsnu20!
Missing character: There is no ^^S in font gbsnu20!
Missing character: There is no ^^S in font gbsnu20!
Missing character: There is no ´ in font gbsnu00!
Missing character: There is no ^^S in font gbsnu20!
Missing character: There is no ^^S in font gbsnu20!
Missing character: There is no ^^S in font gbsnu20!
Missing character: There is no ^^S in font gbsnu20!
 [12]
Missing character: There is no ^^S in font gbsnu20!
ing character: There is no ^^S in font gbsnu20!
Missing character: There is no ^^S in font gbsnu20!
Missing character: There is no ^^S in font gbsnu20!
Missing character: There is no ^^S in font gbsnu20!
Missing character: There is no ^^S in font gbsnu20!
Missing character: There is no ^^S in font gbsnu20!
Missing character: There is no ^^S in font gbsnu20!
Missing character: There is no ^^S in font gbsnu20!
Missing character: There is no ^^S in font gbsnu20!
Missing character: There is no ^^S in font gbsnu20!
Missing character: There is no ^^S in font gbsnu20!
Missing character: There is no ^^S in font gbsnu20!
Missing character: There is no ^^S in font gbsnu20!
 [13]
Missing character: There is no ^^S in font gbsnu20!
Missing character: There is no ^^S in font gbsnu20!
Missing character: There is no ^^S in font gbsnu20!
Missing character: There is no ^^S in font gbsnu20!
Missing character: There is no ^^S in font gbsnu20!
Missing character: There is no ^^S in font gbsnu20!
Missing character: There is no ^^S in font gbsnu20!
Missing character: There is no ^^S in font gbsnu20!
Missing character: There is no ^^S in font gbsnu20!
Missing character: There is no ^^S in font gbsnu20!
Missing character: There is no ^^S in font gbsnu20!
Missing character: There is no ^^S in font gbsnu20!
Missing character: There is no ^^S in font gbsnu20!
Missing character: There is no ^^S in font gbsnu20!
 [14] (./test.aux)

LaTeX Warning: Label(s) may have changed. Rerun to get cross-references right.

 ) 
Here is how much of TeX's memory you used:
 4923 strings out of 492990
 70224 string characters out of 6135005
 154450 words of memory out of 5000000
 8289 multiletter control sequences out of 15000+600000
 71077 words of font info for 257 fonts, out of 8000000 for 9000
 1141 hyphenation exceptions out of 8191
 41i,15n,28p,1464b,1198s stack positions out of 5000i,500n,10000p,200000b,80000s
</usr/share/texlive/texmf-dist/fonts/type1/public/amsfonts/cm/cmbx10.pfb></us
r/share/texlive/texmf-dist/fonts/type1/public/amsfonts/cm/cmbx12.pfb></usr/shar
e/texlive/texmf-dist/fonts/type1/public/amsfonts/cm/cmbx9.pfb></usr/share/texli
ve/texmf-dist/fonts/type1/public/amsfonts/cm/cmex10.pfb></usr/share/texlive/tex
mf-dist/fonts/type1/public/amsfonts/cm/cmmi10.pfb></usr/share/texlive/texmf-dis
t/fonts/type1/public/amsfonts/cm/cmmi5.pfb></usr/share/texlive/texmf-dist/fonts
/type1/public/amsfonts/cm/cmmi7.pfb></usr/share/texlive/texmf-dist/fonts/type1/
public/amsfonts/cm/cmmib10.pfb></usr/share/texlive/texmf-dist/fonts/type1/publi
c/amsfonts/cmextra/cmmib7.pfb></usr/share/texlive/texmf-dist/fonts/type1/public
/amsfonts/cm/cmr10.pfb></usr/share/texlive/texmf-dist/fonts/type1/public/amsfon
ts/cm/cmr12.pfb></usr/share/texlive/texmf-dist/fonts/type1/public/amsfonts/cm/c
mr7.pfb></usr/share/texlive/texmf-dist/fonts/type1/public/amsfonts/cm/cmsy10.pf
b></usr/share/texlive/texmf-dist/fonts/type1/public/amsfonts/cm/cmsy7.pfb></usr
/share/texmf/fonts/type1/arphic/gbsnu/gbsnu00.pfb></usr/share/texmf/fonts/type1
/arphic/gbsnu/gbsnu20.pfb></usr/share/texmf/fonts/type1/arphic/gbsnu/gbsnu30.pf
b></usr/share/texmf/fonts/type1/arphic/gbsnu/gbsnu4e.pfb></usr/share/texmf/font
s/type1/arphic/gbsnu/gbsnu4f.pfb></usr/share/texmf/fonts/type1/arphic/gbsnu/gbs
nu50.pfb></usr/share/texmf/fonts/type1/arphic/gbsnu/gbsnu51.pfb></usr/share/tex
mf/fonts/type1/arphic/gbsnu/gbsnu52.pfb></usr/share/texmf/fonts/type1/arphic/gb
snu/gbsnu53.pfb></usr/share/texmf/fonts/type1/arphic/gbsnu/gbsnu54.pfb></usr/sh
are/texmf/fonts/type1/arphic/gbsnu/gbsnu55.pfb></usr/share/texmf/fonts/type1/ar
phic/gbsnu/gbsnu56.pfb></usr/share/texmf/fonts/type1/arphic/gbsnu/gbsnu57.pfb><
/usr/share/texmf/fonts/type1/arphic/gbsnu/gbsnu58.pfb></usr/share/texmf/fonts/t
ype1/arphic/gbsnu/gbsnu59.pfb></usr/share/texmf/fonts/type1/arphic/gbsnu/gbsnu5
a.pfb></usr/share/texmf/fonts/type1/arphic/gbsnu/gbsnu5b.pfb></usr/share/texmf/
fonts/type1/arphic/gbsnu/gbsnu5c.pfb></usr/share/texmf/fonts/type1/arphic/gbsnu
/gbsnu5d.pfb></usr/share/texmf/fonts/type1/arphic/gbsnu/gbsnu5e.pfb></usr/share
/texmf/fonts/type1/arphic/gbsnu/gbsnu5f.pfb></usr/share/texmf/fonts/type1/arphi
c/gbsnu/gbsnu60.pfb></usr/share/texmf/fonts/type1/arphic/gbsnu/gbsnu61.pfb></us
r/share/texmf/fonts/type1/arphic/gbsnu/gbsnu62.pfb></usr/share/texmf/fonts/type
1/arphic/gbsnu/gbsnu63.pfb></usr/share/texmf/fonts/type1/arphic/gbsnu/gbsnu64.p
fb></usr/share/texmf/fonts/type1/arphic/gbsnu/gbsnu65.pfb></usr/share/texmf/fon
ts/type1/arphic/gbsnu/gbsnu66.pfb></usr/share/texmf/fonts/type1/arphic/gbsnu/gb
snu67.pfb></usr/share/texmf/fonts/type1/arphic/gbsnu/gbsnu68.pfb></usr/share/te
xmf/fonts/type1/arphic/gbsnu/gbsnu69.pfb></usr/share/texmf/fonts/type1/arphic/g
bsnu/gbsnu6a.pfb></usr/share/texmf/fonts/type1/arphic/gbsnu/gbsnu6b.pfb></usr/s
hare/texmf/fonts/type1/arphic/gbsnu/gbsnu6c.pfb></usr/share/texmf/fonts/type1/a
rphic/gbsnu/gbsnu6d.pfb></usr/share/texmf/fonts/type1/arphic/gbsnu/gbsnu6e.pfb>
</usr/share/texmf/fonts/type1/arphic/gbsnu/gbsnu6f.pfb></usr/share/texmf/fonts/
type1/arphic/gbsnu/gbsnu70.pfb></usr/share/texmf/fonts/type1/arphic/gbsnu/gbsnu
71.pfb></usr/share/texmf/fonts/type1/arphic/gbsnu/gbsnu72.pfb></usr/share/texmf
/fonts/type1/arphic/gbsnu/gbsnu73.pfb></usr/share/texmf/fonts/type1/arphic/gbsn
u/gbsnu74.pfb></usr/share/texmf/fonts/type1/arphic/gbsnu/gbsnu75.pfb></usr/shar
e/texmf/fonts/type1/arphic/gbsnu/gbsnu76.pfb></usr/share/texmf/fonts/type1/arph
ic/gbsnu/gbsnu77.pfb></usr/share/texmf/fonts/type1/arphic/gbsnu/gbsnu78.pfb></u
sr/share/texmf/fonts/type1/arphic/gbsnu/gbsnu79.pfb></usr/share/texmf/fonts/typ
e1/arphic/gbsnu/gbsnu7a.pfb></usr/share/texmf/fonts/type1/arphic/gbsnu/gbsnu7b.
pfb></usr/share/texmf/fonts/type1/arphic/gbsnu/gbsnu7c.pfb></usr/share/texmf/fo
nts/type1/arphic/gbsnu/gbsnu7d.pfb></usr/share/texmf/fonts/type1/arphic/gbsnu/g
bsnu7e.pfb></usr/share/texmf/fonts/type1/arphic/gbsnu/gbsnu7f.pfb></usr/share/t
exmf/fonts/type1/arphic/gbsnu/gbsnu80.pfb></usr/share/texmf/fonts/type1/arphic/
gbsnu/gbsnu81.pfb></usr/share/texmf/fonts/type1/arphic/gbsnu/gbsnu82.pfb></usr/
share/texmf/fonts/type1/arphic/gbsnu/gbsnu83.pfb></usr/share/texmf/fonts/type1/
arphic/gbsnu/gbsnu84.pfb></usr/share/texmf/fonts/type1/arphic/gbsnu/gbsnu85.pfb
></usr/share/texmf/fonts/type1/arphic/gbsnu/gbsnu86.pfb></usr/share/texmf/fonts
/type1/arphic/gbsnu/gbsnu87.pfb></usr/share/texmf/fonts/type1/arphic/gbsnu/gbsn
u88.pfb></usr/share/texmf/fonts/type1/arphic/gbsnu/gbsnu89.pfb></usr/share/texm
f/fonts/type1/arphic/gbsnu/gbsnu8a.pfb></usr/share/texmf/fonts/type1/arphic/gbs
nu/gbsnu8b.pfb></usr/share/texmf/fonts/type1/arphic/gbsnu/gbsnu8c.pfb></usr/sha
re/texmf/fonts/type1/arphic/gbsnu/gbsnu8d.pfb></usr/share/texmf/fonts/type1/arp
hic/gbsnu/gbsnu8e.pfb></usr/share/texmf/fonts/type1/arphic/gbsnu/gbsnu8f.pfb></
usr/share/texmf/fonts/type1/arphic/gbsnu/gbsnu90.pfb></usr/share/texmf/fonts/ty
pe1/arphic/gbsnu/gbsnu91.pfb></usr/share/texmf/fonts/type1/arphic/gbsnu/gbsnu95
.pfb></usr/share/texmf/fonts/type1/arphic/gbsnu/gbsnu96.pfb></usr/share/texmf/f
onts/type1/arphic/gbsnu/gbsnu97.pfb></usr/share/texmf/fonts/type1/arphic/gbsnu/
gbsnu98.pfb></usr/share/texmf/fonts/type1/arphic/gbsnu/gbsnu99.pfb></usr/share/
texmf/fonts/type1/arphic/gbsnu/gbsnu9a.pfb></usr/share/texmf/fonts/type1/arphic
/gbsnu/gbsnu9e.pfb></usr/share/texmf/fonts/type1/arphic/gbsnu/gbsnu9f.pfb></usr
/share/texmf/fonts/type1/arphic/gbsnu/gbsnuff.pfb></usr/share/texlive/texmf-dis
t/fonts/type1/public/amsfonts/symbols/msbm10.pfb>
Output written on test.pdf (14 pages, 1422482 bytes).
PDF statistics:
 442 PDF objects out of 1000 (max. 8388607)
 319 compressed objects within 4 object streams
 0 named destinations out of 1000 (max. 500000)
 21 words of extra memory for PDF output out of 10000 (max. 10000000)

ject streams
 0 named destinations out of 1000 (max. 500000)
 21 words of extra memory for PDF output out of 10000 (max. 10000000)

